Ejercicio 1: Usa el comando pwd para mostrar el directorio actual en el que te encuentras.
pwd
/home/javi

Ejercicio 2: Lista el contenido del directorio /bin usando el comando ls.
cd /bin

javi@Javi04:/bin$ ls

Ejercicio 3: Cambia al directorio /home usando el comando cd. Usa pwd para verificar que te encuentras en /home.

javi@Javi04:/$ cd /home/
javi@Javi04:/home$ pwd
/home

Ejercicio 4: Crea un nuevo directorio llamado practicas en tu directorio personal utilizando mkdir.

javi@Javi04:~$ mkdir /home/javi/Documentos/practicas

Ejercicio 5: Usa el comando touch para crear un archivo vacío llamado prueba.txt dentro del directorio practicas.

javi@Javi04:~$ touch ~/Documentos/practicas/prueba.txt

Ejercicio 6: Cambia al directorio /etc y lista todos los archivos, incluidos los ocultos, usando ls -a.

javi@Javi04:/etc$ ls -a

Ejercicio 7: Dentro del directorio /home/tu_usuario, crea una estructura de directorios llamada proyectos/desarrollo/web.

javi@Javi04:~$ mkdir /home/javi/proyectos
javi@Javi04:~$ mkdir /home/javi/desarrollo
javi@Javi04:~$ mkdir /home/javi/web

Ejercicio 8: Copia el archivo prueba.txt desde practicas a la carpeta recién creada web usando el comando cp.

javi@Javi04:~$ cp ~/Documentos/practicas/prueba.txt /home/javi/web

Ejercicio 9: Mueve el archivo prueba.txt dentro de web a una nueva carpeta llamada backup dentro de desarrollo usando el comando mv.

javi@Javi04:~$ mv /home/javi/web/prueba.txt /home/javi/desarrollo/backup/

Ejercicio 10: Elimina el archivo prueba.txt de la carpeta backup usando el comando rm.

javi@Javi04:~$ rm /home/javi/desarrollo/backup/prueba.txt 

Ejercicio 11: Cambia al directorio /var/log y usa el comando ls -lh para mostrar una lista detallada y humanamente legible de los archivos.

javi@Javi04:/var/log$ ls -lh

Ejercicio 12: Usando el comando man, consulta el manual del comando mkdir y escribe en qué consiste la opción -p.

La opción -p del comando mkdir se utiliza para crear directorios de manera recursiva. Si alguna de las carpetas en la ruta especificada no existe, mkdir -p las creará automáticamente. Además, no generará un error si la carpeta ya existe.

Ejercicio 13: En tu directorio personal, crea un archivo vacío llamado log.txt usando el comando touch. Luego, cambia su fecha de modificación a la fecha y hora actual.

javi@Javi04:~$ touch /home/javi/log.txt
Modificación: 2024-09-30 17:46:32.643397782 +0200

javi@Javi04:~$ touch /home/javi/log.txt
Modificación: 2024-09-30 17:54:00.922143379 +0200

Ejercicio 14: Usa cp -r para copiar todo el contenido del directorio /etc a una nueva carpeta llamada etc_backup en tu directorio personal. Verifica el contenido del directorio etc_backup con ls.

root@Javi04:/home/javi# cp -r /etc ~/etc_backup
root@Javi04:/# ls /etc/etc_backup


Ejercicio 15: Elimina de manera recursiva el directorio etc_backup con el comando rm -r.

root@Javi04:/home/javi# rm -r /home/javi/etc_backup/

Ejercicio 16: Crea un nuevo archivo dentro del directorio /tmp y luego cambia su nombre usando el comando mv para renombrarlo como archivo_temporal.txt.

root@Javi04:/# touch /tmp/archivo.txt
root@Javi04:/# mv /tmp/archivo.txt /tmp/archivo_temporal.txt
 
Ejercicio 17: Explora el contenido del directorio /dev y describe tres dispositivos que encuentres en él usando ls /dev. Investiga el propósito de uno de estos dispositivos.

root@Javi04:/# ls /dev/
drm_dp_aux1: Es una interfaz dentro del subsistema de controladores de gráficos en Linux (Direct Rendering Manager, DRM) que se utiliza para la comunicación con dispositivos DisplayPort, especialmente en la gestión de las líneas de datos auxiliares.

eCryptfs: Es un sistema de archivos cifrado que se utiliza en Linux para proporcionar cifrado de datos de manera fácil y segura.

acpi_thermal_rel: Es un controlador en el kernel de Linux que se utiliza para gestionar la información relacionada con la temperatura de los componentes del sistema a través de la interfaz ACPI

Ejercicio 18: Mueve el archivo archivo_temporal.txt a tu directorio personal usando mv. Luego, usa el comando ls -l para mostrar los detalles del archivo.

root@Javi04:/# mv /tmp/archivo_temporal.txt /home/javi
root@Javi04:/# ls -l

Ejercicio 19: Navega al directorio /usr/local y crea una estructura de directorios llamada soft/pruebas. Dentro de este directorio, crea varios archivos vacíos (test1.txt, test2.txt, test3.txt) usando un solo comando touch.

root@Javi04:/# sudo mkdir -p /usr/local/soft/pruebas
root@Javi04:/# sudo touch /usr/local/soft/pruebas/test{1..3}.txt



























